Xzg2, Xzg2, Xzg2, Xzg2, Xzg2, Xzg2, Xzg2, Xzg2, Xzg2, Xzg2^Qov, Xzg3, Xzg3^Qov, Xzg4, Xzg4, Xzg4, Xzg4, Xzg4, Xzg4, Xzg4, Xzg4, Xzg3^Qov, Xzg3, Xzg3, Xzg3, Xzg2^Qov, Xzg2, Xzg2, Xzg2, Xzg2, Xzg2, Xzg2, Xzg2, Dd, Xzg2, Xzg2, Xzg2, Dd, Xzg2, Dd, Xzg2, Dd, Dd, Xzg2, Xzg2, Dd, Xzg2, Dd, Xzg2, Xzg2, Xzg2, Dd, Xzg2, Dd, Xzg2, Dd, Xzg2
Xzg2, Xzg2, Xzg2^Edp, Xzg2, Xzg2^Edp, Xzg2, Xzg2^Edp, Xzg2, Xzg2^Es, Xzg2^Qov, Xzg2^Qov, Xzg3^Qov, Xzg3^Qov, Xzg4, Xzg4, Rd, Rd, Rd, Xzg4^Ii, Xzg4, Xzg3^Qov, Xzg3, Xzg3, Xzg3, Xzg2^Qov, Xzg2^Es, Xzg2^Es, Xzg2, Xzgg^Qov, Xzg2, Xzg2^Qov, Xzg2, Xzg2, Xzg2, Xzg2, Xzg2, Dd, Dd, Xzg2, Xzg2, Xzg2, Dd, Dd, Dd, Dd, Dd, Dd, Dd, Dd, Dd, Dd^Es, Dd, Dd, Dd, Xzg2, Xzg2
Xzg2, Xzg2^Edp, Xzg2^Edp, Xzg2^Edp, Xzg2^Edp, Hd, Hd, Xzg2^Vdt, Xzg2, Xzg2, Xzg2^Qov, Xzg3, Xzg2^Qov, Xzg3^Qov, Re, Rd, Xzg3, Xzg4, Xzg4, Xzg4, Xzg3^Qov, Xzg2^Qov, Xzg2^Qov, Xzg2^Qov, Xzg2, Xzg2, Xzgg^Qov, Xzgg^Qov, Xzgg^Edp, Xzgg^Qov, Xzgg^Qov, Xzgg^Qov, Xzgg^Qov, Xzgg^Qov, Xzg2, Xzg2, Dd, Dd, Xzg2, Xzg2, Xzgg, Xzg2, Xzg2, Xzg2, Xzg2, Xzg2, Xzg2, Xzg2, Xzg2, Xzg2, Dd, Dd, Dd, Dd, Dd, Dd
Xzg2, Xzg2, Xzg2^Edp, Xzg2^Edp, Hd, Hd, Ce, Hd, Xzg2, Xzg2, Xzg2, Xzg2^Qov, Xzg2, Re, Re, Xzg3, Xzg2^Qov, Xzg3^Qov, Xzg3^Qov, Xzg3^Qov, Xzg2^Qov, Xzg2^Qov, Xzgg^Qov, Xzgg^Qov, Xzgg^Qov, Xzgg^Qov, Hd^Edp, Hd, Hd^Edp, Xzgg, Hd, Hd, Hd^Es, Xzgg^Qov, Xzgg^Qov, Xzg2, Xzg2, Xzg2, Xzgg, Xzg2, Xzgg, Xzgg, Xzgg, Xzg2, Xzgg, Xzgg, Xzgg, Xzg2, Xzgg, Xzg2, Xzg2, Dd, Xzg2, Dd, Dd, Dd
Xzg2, Xzg2, Xzg2, Xzg2^Vdt, Hd, Ce, 1 Ke, Ce, Hd, Xzg2^Es, Xzg2^Es, Xzg2, Xzg2, Re, Xzg2, Xzg2^Qov, Xzg2^Qov, Xzg3, Xzg2^Qov, Xzg3^Qov, Xzg2^Qov, Xzg2^Qov, Xzgg, Hd^Edp, Hd^Edp, Hd^Edp, Hd^Edp, Hd^Es, Hd, Rd, Rd, Xzgg, Xzgg^Es, Hd, Xzgg, Xzgg^Qov, Xzgg^Qov, Xzgg, Xzgg, Xzgg, Xzg^Qov, Xzgg, Xzgg, Xzgg, Xzg^Qov, Xzg^Qov, Xzg^Qov, Xzgg, Xzg2, Xzgg, Xzgg, Xzg2, Xzg2, Dd, Xzg2, Xzg2
Rd, Xzg2, Rd, Xzg2, Xzg2, Ce, Ce, Ce, Hd, Xzg2^Vdt, Xzg2^Edp, Xzg2, Xzg2, Rd, Hd, Xzg2, Hd, Xzg2^Qov, Xzg2^Es, Xzg2^Qov, Xzgg^Qov, Xzg2^Qov, Xzgg, Hd^Vdt, Rd, Rd, Xzgg, Rd, Hd, Rd, Hd, Rd, Rd, Xzgg, Xzgg, Xzg^Qov, Xzg^Qov, Xzgg, Xzg^Qov, Xzg^Qov, Hd^Edp, Xzg^Qov, Xzg^Qov, Xzgg, Xzg^Qov, Rd, Xzg^Qov, Xzgg, Xzgg, Xzgg, Xzgg, Xzg2, Xzg2, Dd, Dd, Dd
Rd, Rd, Rd, Rd, Rd, Xzg2, Xzg2, Hd, Hd, Hd, Xzg2^Edp, Xzg2^Edp, Xzg2, Hd, Xzg2, Hd, Hd, Xzg2^Es, Hd, Xzg2, Xzgg^Qov, Xzgg^Qov, Xzgg, Xzgg, Xzgg, Xzgg, Rd, Xzgg, Xzgg, Hd, Xzgg, Xzgg^Es, Rd, Xzgg, Xzgg, Xzgg, Xzg^Qov, Xzg^Qov, Hd^Edp, Hd^Es, Hd^Es, Hd^Es, Xzg, Xzg^Qov, Xzg, Rd, Rd, Xzg^Qov, Xzg^Qov, Xzgg, Xzgg^Edp, Xzgg, Xzg2, Xzg2, Dd, Dd
Xzg2, Xzg2, Xzg2, Xzg2, Rd, Xzg2, Rd, Xzg2, Hd, Hd, Xzg2, Xzg2, Xzg2, Xzg2, Re, Xzg2, Xzg2, Hd, Xzg2, Xzg2, Xzg2, Xzgg, Re, Rd, Re, Rd, Xzgg, Xzgg, Xzg2^Qov, Xzgg, Xzg2^Qov, Xzgg, Xzgg, Rd, Re, Re, Re, Hd, Xzg, Hd^Edp, Xzg, Hd, Rd, Rd, Ce, Xzg^Vdt, Rd, Xzg^Es, Xzg, Xzgg^Qov, Xzgg, Xzgg, Xzg2, Xzg2^Es, Dd, Dd
Xzg2, Xzg2, Xzgg^Qov, Xzg2, Xzg2, Rd, Xzg2, Rd, Xzg2, Xzg2, Rd, Rd, Xzg2, Re, Rd, Rd, Rd, Rd, Rd, Xzg2, Xzg2, Re, Re, Re, Xzgg, Xzgg, Xzgg, Xzgg, Xzg2^Qov, Xzg2^Qov, Xzg2^Qov, Xzgg, Xzgg, Xzgg, Xzgg, Re, Re, Rd, Rd, Xzg, Rd, Xzg^Vdt, Rd, Ce, 2 Ke, Ce, Xzg, Xzg, Xzgg^Qov, Xzgg^Qov, Xzgg, Xzg2, Dd, Dd, Dd, Dd
Xzg2, Xzgg^Qov, Xzgg^Es, Xzgg^Qov, Xzg2, Xzg2, Rd, Rd, Rd, Re, Re, Re, Re, Re, Xzg2, Xzg2, Xzg2, Xzg2, Xzg2, Rd, Rd, Rd, Rd, Xzgg, Xzgg^Qov, Xzgg^Qov, Xzg2^Qov, Xzg2^Qov, Xzg2^Qov, Xzg2^Qov, Xzg2^Qov, Xzg2^Qov, Xzg2^Qov, Xzgg, Xzgg^Qov, Xzg^Qov, Xzg, Xzg, Xzg, Xzg, Rd, Rd, Rd, Ce, Ce, Ce, Xzg, Xzg, Xzgg^Qov, Xzgg^Es, Xzgg, Xzg2, Dd, Dd, Xzg2, Dd
Xzgg^Qov, Xzgg^Qov, Xzgg^Es, Xzgg^Qov, Xzgg^Qov, Re, Rd, Xzg2, Xzg2, Rd, Xzg2, Hd, Hd, Hd, Xzg2^Edp, Xzg2^Edp, Xzg2^Edp, Xzg2^Edp, Xzg2, Rd, Re, Rd, Hd, Xzg2, Xzg2, Xzg2, Xzg2^Qov, Dd, Dd, Dd, Dd, Xzg2^Qov, Dd, Xzg2^Qov, Xzg2^Qov, Xzgg^Qov, Xzgg^Qov, Xzgg^Qov, Xzgg^Qov, Xzg, Xzg, Xzg, Xzg, Xzg, Rd, Rd, Xzg, Xzg, Xzg^Qov, Xzgg, Xzgg, Xzg2, Xzg2, Xzg2, Xzgg, Xzg2
Xzgg, Xzgg^Es, Rd, Xzgg, Re, Re, Xzgg, Xzgg^Qov, Xzgg^Qov, Xzg2, Xzg2, Xzg2, Xzg2, Xzg2^Edp, Xzg2, Xzg2^Edp, Xzg2^Edp, Xzg2, Xzg2, Re, Xzg2, Xzg2, Hd^Es, Hd^Es, Hd, Xzg2, Rd, Rd, Dd, Dd, Dd, Dd, Dd^Es, Dd, Xzg2^Qov, Xzgg^Qov, Xzg2^Qov, Xzg2^Qov, Xzg2^Qov, Xzgg^Qov, Xzgg^Qov, Xzgg^Qov, Xzg, Xzg^Vdt, Xzg, Rd, Rd, Xzg^Vdt, Xzg, Xzgg^Qov, Xzgg, Xzgg, Xzgg, Xzgg, Xzgg, Xzgg
Xzgg, Hd^Edp, Hd^Edp, Rd, Xzgg, Xzgg, Rd, Xzgg, Rd, Xzgg^Qov, Xzgg^Qov, Xzgg^Qov, Xzgg^Qov, Xzgg^Qov, Xzgg^Qov, Xzg2, Xzg2, Xzg2^Edp, Xzg2, Re, Rd, Xzg2, Hd, Hd, Hd, Xzg2, Xzg2, Xzg2, Xzg2^Qov, Xzg2^Qov, Xzg2^Qov, Xzg2^Qov, Xzg2^Qov, Dd^Es, Dd^Es, Xzg2^Qov, Dd, Dd, Dd, Xzg2^Qov, Xzg2^Qov, Xzgg^Qov, Xzgg^Qov, Xzg, Rd, Rd, Xzg, Hd, Hd^Es, Xzg^Qov, Xzg^Qov, Xzgg, Xzg^Qov, Xzgg^Qov, Xzg^Qov, Xzgg
Xzg2^Qov, Xzgg^Edp, Xzgg, Xzgg, Xzgg, Xzgg, Xzgg, Rd, Rd, Xzgg, Xzgg, Xzgg^Es, Xzgg^Edp, Xzgg^Qov, Xzg2, Xzg2^Es, Hd, Hd, Hd, Xzg2, Re, Rd, Rd, Xzg2, Rd, Xzg2, Rd, Rd, Rd, Xzg2, Rd, Xzg2^Vdt, Xzg2^Qov, Dd^Es, Dd^Es, Dd^Es, Dd, Dd, Dd, Dd^Ii, Xzg2^Qov, Xzgg^Qov, Xzgg^Qov, Xzg, Xzg, Rd, Rd, Hd, Hd, Hd^Es, Xzg^Es, Xzg^Qov, Xzg, Xzg^Qov, Xzg, Xzg^Qov
Dd^Qov, Xzg2^Qov, Xzg2^Qov, Xzg2^Qov, Xzg2^Qov, Xzg2^Qov, Xzg2^Qov, Xzgg, Xzgg, Rd, Xzgg, Xzgg^Edp, Xzgg^Es, Xzgg^Qov, Xzg2, Xzg2, Hd, Hd, Hd, Hd, Xzg2, Re, Xzg2, Rd, Xzg2, Rd, Xzg2, Xzg2, Xzg2, Rd, Xzg2, Rd, Rd, Xzg2^Qov, Xzg2^Qov, Xzg2^Qov, Xzg2^Qov, Dd, Dd, Xzg2^Qov, Xzgg^Qov, Xzgg^Qov, Xzgg^Qov, Xzg, Xzg^Es, Xzg, Rd, Rd, Hd, Hd^Edp, Xzg^Edp, Xzg^Edp, Xzg, Xzg^Es, Xzg, Xzg
Dd^Qov, Dd^Qov, Xzg2^Qov, Dd^Ii, Dd^Es, Dd, Xzg2^Qov, Xzgg, Xzgg^Vdt, Xzgg, Rd, Xzgg, Xzgg, Xzgg^Qov, Xzgg^Qov, Xzg2, Xzg2, Hd, Xzg2, Xzg2, Rd, Re, Rd, Xzg2, Hd, Xzg2^Es, Xzg3^Qov, Xzg3^Qov, Xzg3^Qov, Xzg2^Es, Xzg3^Qov, Xzg2, Xzg2, Rd, Xzg2, Rd, Rd, Xzg2^Qov, Xzg2^Qov, Xzg2^Qov, Xzgg^Qov, Xzg2, Xzgg^Qov, Xzg, Xzg, Xzg^Es, Xzg^Es, Rd, Rd, Xzg, Xzg, Xzg, Xzgg^Qov, Xzg, Xzgg^Qov, Xzg
Xzg2^Qov, Xzg2^Qov, Xzg2^Qov, Dd, Xzg2^Qov, Dd, Dd, Xzg2^Qov, Xzg2^Qov, Xzgg, Hd, Re, Re, Xzgg, Re, Re, Rd, Xzg2, Rd, Xzg2, Re, Re, Xzg2, Xzg2, Hd^Es, Xzg2, Xzg3^Qov, Xzg3^Qov, Dd^Ftd, Xzg3^Qov, Dd, Xzg3^Qov, Xzg3^Qov, Xzg2^Edp, Xzg3^Qov, Xzg2, Xzg2, Rd, Xzg2, Xzgg^Qov, Xzg2, Xzgg^Qov, Xzgg^Qov, Xzgg^Qov, Xzgg^Qov, Xzg, Xzg, Rd, Xzg, Xzg, Xzg, Xzgg^Qov, Xzgg^Es, Xzgg^Qov, Xzg2, Xzgg^Qov
Xzg2^Qov, Xzg2^Qov, Xzgg^Qov, Xzg2^Qov, Xzg2, Re, Xzg2^Qov, Dd, Xzg2^Qov, Xzgg, Hd, Rd, Rd, Re, Xzgg, Re, Xzg2^Edp, Rd, Xzg2, Rd, Xzg2, Rd, Xzg2, Hd, Xzg2, Xzg2, Xzg3^Qov, Dd^Ftd, Dd^Ftd, Dd^Ftd, Dd^Ftd, Dd, Dd, Xzg3^Qov, Xzg3^Qov, Xzg3^Qov, Xzg2, Rd, Re, Xzg2^Edp, Xzg2^Es, Xzg2, Xzg2, Xzg2, Xzgg^Qov, Xzg, Xzg, Rd, Xzg, Xzg, Xzgg^Qov, Xzgg^Qov, Xzgg^Qov, Xzgg^Qov, Xzg2, Xzg2
Xzgg^Qov, Xzg2^Qov, Xzg2^Qov, Xzgg^Qov, Xzg2, Rd, Xzg2, Xzg2^Qov, Xzgg, Xzgg, Hd^Es, Hd, Xzgg, Xzgg, Xzgg^Qov, Xzg2, Xzg2^Edp, Xzg2^Edp, Xzg2^Edp, Rd, Rd, Rd, Xzg2, Xzg2, Xzg3^Qov, Xzg3^Qov, Dd, Dd, Dd^Vda, Rd, Cd, Rd^Vda, Dd, Xzg3^Qov, Dd, Xzg3^Qov, Xzg2^Vdt, Re, Re, Xzg2, Xzg2, Xzg2, Xzgg^Qov, Xzg2, Xzgg^Qov, Xzg^Qov, Xzg^Qov, Re, Re, Xzg, Xzgg^Qov, Xzg2^Ii, Xzg2, Xzg2, Hd, Hd
Xzg2, Xzgg^Qov, Xzgg^Qov, Xzgg^Qov, Xzgg^Qov, Xzg2, Xzg2, Xzgg^Qov, Xzgg^Es, Xzgg^Es, Rd, Xzgg, Rd, Xzgg^Qov, Xzg2, Xzg2, Xzg2, Xzg2, Rd, Rd, Xzg2, Rd, Re, Xzg2, Xzg2^Qov, Xzg3^Qov, Xzg3^Qov, Dd^Ftd, Rd, Cd, Kd, Cd, Re, Dd^Ftd, Dd^Ftd, Xzg3^Qov, Xzg3^Qov, Xzg2, Re, Re, Xzg2, Xzg2, Xzgg^Qov, Xzgg^Qov, Xzgg^Es, Xzgg, Xzgg, Xzgg, Re, Xzgg, Xzgg^Qov, Xzg2, Xzg2, Hd, Xzg2, Hd
Xzgg, Xzg2, Xzgg^Qov, Xzgg^Qov, Xzg2, Xzg2, Xzgg^Qov, Xzgg^Qov, Xzgg, Xzgg, Xzgg, Xzgg, Xzgg^Qov, Xzgg^Qov, Xzg2, Xzg2, Rd, Xzg2, Rd, Xzg2, Xzg2, Xzg2, Rd, Re, Re, Xzg3^Qov, Dd, Dd, Rd, Cd, Re, Cd, Re, Dd^Es, Dd^Ftd, Dd, Xzg3^Qov, Xzg2, Rd, Xzg2, Xzgg^Qov, Xzgg^Qov, Xzgg, Xzgg^Es, Xzgg^Qov, Xzgg, Re, Rd, Xzgg, Xzgg^Es, Xzgg^Qov, Xzgg^Qov, Xzg2, Xzg2, Xzg3^Qov, Xzg2
Xzg2, Xzg2, Xzgg^Qov, Xzgg^Qov, Xzgg^Qov, Xzg2, Xzg2, Xzgg^Qov, Xzgg, Re, Xzgg, Xzgg^Qov, Xzg2^Edp, Xzg2^Edp, Rd, Xzg2, Xzg2, Xzg2, Xzg2, Rd, Xzg2, Xzg2, Dd, Re, Rd, Dd, Rd, Dd, Rd, Rd, Rd, Re, Dd^Vda, Dd, Dd, Xzg3^Qov, Xzg3^Qov, Xzg2, Xzg2, Xzg2, Xzg2, Xzgg^Qov, Xzgg^Qov, Xzgg^Qov, Xzg2, Xzgg, Re, Rd, Xzg2, Xzgg^Qov, Xzg2, Xzg2, Xzg2, Xzg2, Xzg3^Qov, Xzg3^Qov
Dd^Qov, Xzg2, Xzg2, Xzg2, Xzg2, Xzg2, Hd^Edp, Xzg2, Rd, Re, Rd, Xzg2, Xzg2, Rd, Xzg2^Edp, Xzg2, Xzgg^Qov, Xzgg^Qov, Xzgg^Qov, Xzg2, Xzg2, Xzg3^Qov, Xzg3^Qov, Dd^Es, Dd, Rd, Rd, Re, Re, 5 Re, Rd, Rd, Rd, Rd, Dd, Dd, Xzg3^Qov, Xzg2, Hd, Xzg2, Xzg2, Xzg2, Xzg2, Xzg2, Rd, Re, Rd, Re, Xzg2, Xzg2, Xzg2, Xzg2, Xzg3^Qov, Xzg3^Qov, Xzg2, Xzg2
Dd^Qov, Xzg2, Xzg2, Hd^Vdt, Hd^Edp, Hd^Edp, Xzg2^Edp, Hd, Xzg2, Rd, Xzg2, Xzg2, Xzg2, Rd, Xzg2^Edp, Xzg2^Edp, Xzg2^Edp, Xzgg^Qov, Xzgg^Qov, Xzg2, Xzg2, Xzg3^Qov, Dd, Dd, Dd^Ftd, Dd^Vda, Cd, Re, Cd, Rd, Re, Dd, Dd, Re, Re, Xzg3^Qov, Xzg2^Qov, Xzg2, Hd, Xzg2, Xzg2, Xzg2, Xzg2, Rd, Xzg2, Xzg2, Hd, Xzg2, Xzg3^Qov, Xzg3^Qov, Xzg3^Qov, Xzg3^Qov, Xzg4, Xzg3, Xzg2, Xzg2
Dd^Qov, Dd^Qov, Dd^Qov, Xzg2^Edp, Hd^Es, Hd^Edp, Xzg2, Xzg2, Xzg2, Xzg2, Xzg2, Xzg2, Xzgg^Qov, Xzg2, Xzgg^Qov, Xzg2^Edp, Xzgg^Qov, Xzgg^Qov, Xzg2, Xzg2, Xzg2, Xzg3^Qov, Xzg3^Qov, Dd^Ftd, Dd^Ftd, Re, Cd, Kd, Cd, Rd, Re, Dd^Vda, Dd, Dd, Dd, Rd, Xzg2, Hd, Xzg2, Hd, Xzg2, Xzg2^Edp, Hd, Xzg2, Hd^Es, Hd, Xzg2, Xzg2, Xzg3^Qov, Xzg4, Xzg3, Xzg4^Edp, Xzg3, Xzg3, Xzg3, Xzg2
Dd^Qov, Dd^Qov, Dd^Qov, Xzg2, Hd^Es, Hd^Edp, Xzg2, Rd, Re, Xzg2, Xzgg^Qov, Xzgg^Qov, Xzgg, Xzgg^Qov, Xzg2, Xzgg^Qov, Xzg2, Xzg2, Rd, Rd, Xzg2, Xzg2^Qov, Xzg3^Qov, Xzg3^Qov, Dd, Dd, Rd, Cd, Rd, Rd, Dd^Ftd, Dd^Ftd, Xzg3^Qov, Dd, Xzg3^Qov, Rd, Rd, Xzg2, Re, Rd, Xzg2^Es, Xzg2^Es, Hd^Edp, Hd^Es, Hd^Es, Xzg2, Xzg3^Qov, Xzg3^Qov, Xzg3^Edp, Xzg3^Edp, Xzg2, Xzg3, Xzg2, Xzg2, Xzg3, Xzg2
Xzg2, Dd^Qov, Xzg2^Qov, Xzg2, Xzg2^Es, Xzg2, Xzg2, Xzgg, Xzgg, Re, Xzgg, Xzgg^Es, Hd^Es, Xzgg^Qov, Xzg2, Xzg2, Xzg2, Xzg2^Edp, Xzg2^Edp, Rd, Rd, Xzg2, Xzg2^Qov, Xzg3^Qov, Xzg3^Qov, Dd^Es, Dd^Ftd, Dd^Vda, Dd, Dd, Xzg3^Qov, Xzg3^Qov, Xzg2^Qov, Xzg3^Qov, Xzg2^Qov, Xzg2, Xzg2, Re, Re, Xzg2, Xzg2^Es, Xzg2, Xzg2, Hd, Hd, Xzg2^Es, Xzg3^Qov, Xzg3, Xzg4^Edp, Xzg3^Edp, Xzg3, Xzg2, Xzg2, Xzg3, Xzg2, Xzg2
Dd^Qov, Dd^Qov, Xzg2^Qov, Xzg2, Hd, Xzg2, Xzgg^Qov, Xzgg^Qov, Xzgg^Edp, Rd, Xzgg, Hd, Hd, Xzgg^Qov, Xzgg^Qov, Xzgg^Qov, Xzgg^Qov, Xzg2, Xzgg^Qov, Xzg2, Xzg2^Edp, Xzg2, Xzg2, Xzg3^Qov, Xzg3^Qov, Dd, Xzg3^Qov, Dd, Dd, Dd^Ftd, Xzg3^Qov, Xzg3^Qov, Xzg2, Xzg2^Qov, Xzg2, Xzg2, Xzg2^Es, Xzg2, Xzg2, Re, Xzg2, Xzg2, Rd, Xzg2, Hd, Xzg2, Xzg2^Qov, Xzg3, Xzg3, Xzg4^Edp, Xzg4^Edp, Xzg3, Xzg3, Xzg3, Xzg2, Xzg2
Xzg2^Qov, Xzg2^Qov, Xzg2^Es, Hd^Edp, Hd, Xzg2, Xzgg^Qov, Xzgg^Es, Xzgg^Edp, Rd, Rd, Rd, Rd, Rd, Rd, Xzgg, Xzgg^Es, Xzgg^Qov, Xzgg^Qov, Xzg2^Edp, Xzg2^Edp, Xzg2, Xzg2, Xzg2^Qov, Xzg2^Qov, Xzg3^Qov, Xzg2^Qov, Xzg3^Qov, Xzg3^Qov, Xzg3^Qov, Xzg2^Qov, Xzg3^Qov, Xzg2, Xzg2, Xzg2, Xzg2, Xzg2, Xzg2, Re, Re, Re, Xzg2, Rd, Re, Xzg2, Xzg2, Xzg3^Qov, Xzg2^Qov, Xzg3^Qov, Xzg4^Edp, Xzg4^Edp, Xzg4^Edp, Xzg4^Edp, Xzg3^Edp, Xzg3, Xzg2
Xzgg^Qov, Xzg2, Xzg2, Hd, Xzg2, Xzg2, Xzg2, Xzgg^Qov, Xzgg^Qov, Xzgg, Xzgg, Hd, Hd, Hd, Hd, Rd, Rd, Xzgg^Es, Xzgg, Xzgg^Qov, Xzg2, Rd, Rd, Xzg2, Xzg2, Xzg2^Qov, Hd, Xzg2^Qov, Xzg2^Qov, Xzg2^Qov, Rd, Xzg2^Qov, Rd, Xzg2, Rd, Rd, Rd, Xzg2, Xzg2, Re, Re, Rd, Xzg2, Rd, Xzg2^Edp, Xzg2, Xzg3^Qov, Xzg3^Qov, Xzg3, Xzg4, Xzg4, Xzg4, Xzg4, Xzg4^Edp, Xzg4, Xzg3
Xzgg^Qov, Xzg2, Xzgg^Qov, Xzg2, Xzg2^Edp, Rd, Rd, Xzg2, Xzg2^Qov, Xzg2^Qov, Xzg2^Qov, Xzgg, Xzgg^Es, Hd^Es, Hd, Rd, Rd, Xzgg^Es, Xzgg, Xzgg^Qov, Xzg2, Xzg2, Xzg2, Rd, Xzg2, Hd, Hd, Hd, Hd, Xzg2, Xzg2, Rd, Xzg2, Rd, Xzg2, Xzg2, Xzg2, Xzg2, Rd, Rd, Hd, Rd, Re, Rd, Xzg2^Edp, Xzg2, Xzg2^Qov, Xzg2^Qov, Xzg3^Qov, Xzg3, Xzg3, Xzg3, Xzg3, Xzg3, Xzg3, Xzg3
Xzgg, Xzgg^Qov, Xzg2, Xzg2^Edp, Xzg2, Rd, Dd, Re, Re, Dd, Dd, Xzg2^Qov, Xzgg, Hd, Rd, Rd, Rd, Xzgg, Xzgg, Xzgg^Qov, Xzgg^Qov, Xzgg^Qov, Xzgg^Qov, Xzg2^Vdt, Xzgg^Qov, Xzg2, Xzg2^Edp, Hd, Xzg2, Xzg2, Xzgg^Qov, Xzg2, Xzgg^Qov, Xzg2, Xzg2, Xzgg^Qov, Xzg2, Rd, Rd, Xzg2, Hd^Edp, Hd, Xzg2, Re, Xzg2^Vdt, Xzg2^Edp, Xzg2^Edp, Xzg3^Qov, Xzg3^Qov, Xzg3, Xzg2^Qov, Xzg2^Qov, Xzg2^Qov, Xzg2^Qov, Xzg3^Qov, Xzg3
Xzgg, Xzgg^Qov, Xzg2, Xzg2^Edp, Xzgg^Qov, Xzg2^Qov, Xzg2^Qov, Dd, Dd, Rd, Dd, Xzg2^Qov, Xzg2^Qov, Xzgg, Xzgg, Rd, Xzg, Re, Re, Rd, Xzg^Qov, Xzg^Qov, Xzg^Qov, Xzgg^Qov, Xzgg^Qov, Xzg2, Xzg2^Edp, Xzg2, Xzg2, Xzgg^Qov, Xzgg, Xzgg^Qov, Xzgg^Qov, Xzgg^Qov, Xzgg^Qov, Xzgg^Qov, Xzgg^Qov, Xzg2, Xzg2, Hd^Edp, Hd^Edp, Hd^Edp, Xzg2, Re, Rd, Xzg2^Edp, Xzg2, Xzg2^Qov, Xzg2^Qov, Xzg2^Qov, Ce, Ce, Ce, Xzg2, Xzg3^Qov, Xzg3
Xzgg, Xzgg^Qov, Xzgg^Qov, Xzg2, Xzgg^Qov, Xzg2^Qov, Xzg2^Qov, Dd, Xzg2^Qov, Dd, Dd, Dd^Ii, Xzg2^Qov, Xzg2^Qov, Xzgg^Qov, Xzg, Xzg, Re, Re, Xzg, Xzg^Es, Xzg, Xzg, Xzgg^Qov, Xzgg^Qov, Xzg2, Xzg2, Xzg2, Xzgg^Qov, Xzgg^Qov, Xzgg^Qov, Xzgg^Qov, Xzg2^Ii, Xzgg^Qov, Xzgg^Qov, Xzgg, Xzgg^Qov, Xzgg^Qov, Xzg2, Xzg2, Xzg2, Xzg2, Rd, Re, Re, Xzg2, Re, Xzg2, Rd, Xzg2^Vdt, Ce, 4 Ke, Ce, Xzg2, Xzg2^Qov, Xzg3^Qov
Xzg2, Xzgg, Xzgg^Es, Xzgg^Qov, Xzgg, Xzgg^Qov, Xzg2^Qov, Xzg2^Qov, Xzgg^Qov, Xzg2^Qov, Xzg2^Qov, Xzg2^Qov, Xzg2, Xzgg^Qov, Xzgg^Es, Xzgg^Qov, Xzg, Xzg, Rd, Hd, Hd^Vdt, Xzg^Es, Xzgg^Qov, Xzgg^Qov, Xzgg^Qov, Xzgg^Qov, Xzg2, Xzg2, Xzgg^Qov, Xzgg^Qov, Xzgg^Qov, Xzg2, Xzg2, Xzgg^Qov, Xzg2, Xzgg^Qov, Xzgg^Qov, Xzg2, Xzg2, Rd, Rd, Rd, Rd, Xzg2, Hd, Re, Xzg2^Vdt, Re, Xzg2, Rd, Xzg2^Vdt, Ce, Xzg2, Xzg2, Xzg3^Qov, Xzg3^Qov
Xzg2, Xzgg, Xzgg, Xzgg, Xzgg, Xzgg^Qov, Xzgg^Qov, Xzgg^Qov, Xzgg^Qov, Xzgg^Qov, Xzgg^Qov, Xzgg^Qov, Xzgg^Qov, Xzgg^Qov, Xzgg^Qov, Xzgg^Qov, Xzg, Xzg, Rd, Hd, Xzg, Xzg, Xzgg^Qov, Xzgg^Edp, Xzgg^Qov, Xzg2, Xzg2^Es, Xzg2^Es, Xzg2, Xzg2, Xzg2, Xzg2, Re, Xzg2, Xzg2, Xzg2, Xzg2, Xzg2, Xzg2, Re, Xzg2, Xzg2, Hd, Hd, Hd^Es, Xzg2, Xzg2, Xzg2, Xzg3^Qov, Xzg2, Xzg2, Xzg2, Xzg3^Qov, Xzg2, Xzg3^Qov, Xzg3
Xzg2, Xzg2, Xzg2, Xzg2, Xzgg, Xzgg, Rd, Xzgg, Rd^Es, Xzgg^Es, Xzgg, Xzgg, Xzgg^Qov, Xzg^Qov, Xzg^Qov, Xzg^Qov, Xzg, Xzg, Rd, Rd, Xzg, Xzgg^Qov, Xzg^Qov, Xzgg, Xzgg, Xzgg^Qov, Xzg2^Es, Rd, Re, Rd, Xzg2, Re, Xzg2, Rd, Hd^Edp, Hd, Hd, Hd, Xzg2, Rd, Xzg2, Xzg2^Edp, Hd^Edp, Hd^Es, Hd^Es, Xzg2, Xzg3^Qov, Xzg3^Qov, Xzg4, Xzg3^Qov, Xzg3^Qov, Xzg3^Qov, Xzg4, Xzg3^Qov, Xzg3, Xzg2
Dd, Xzg2, Dd, Xzg2, Xzg2, Xzgg, Xzgg, Rd, Xzgg, Xzgg, Xzg^Qov, Xzg^Qov, Xzg^Qov, Xzg, Xzg, Xzg, Xzg, Rd, Rd, Xzg, Xzg, Xzg^Qov, Xzg^Es, Xzg^Qov, Xzgg^Qov, Xzgg^Qov, Xzg2, Xzg2^Es, Xzg2, Xzg2, Xzgg^Qov, Xzg2, Xzg2, Xzg2^Edp, Hd^Edp, Hd, Hd, Xzg2, Re, Re, Xzg2, Hd^Edp, Xzg2, Hd, Hd, Xzg2, Xzg3^Qov, Xzg4, Xzg4, Xzg4, Xzg4, Xzg4, Xzg3, Xzg3, Xzg2, Xzg2
Xzg2, Xzg2, Dd, Xzg2, Dd, Xzg2, Xzg2, Xzgg, Xzgg^Qov, Xzg^Qov, Xzg^Es, Xzg, Hd, Xzg^Vdt, Ce, Rd, Rd, Rd, Xzg, Rd, Rd, Rd, Rd, Xzg, Xzg^Qov, Xzgg^Qov, Xzgg^Qov, Xzgg^Qov, Xzgg^Qov, Xzgg^Qov, Xzgg^Es, Xzgg^Qov, Xzgg^Qov, Xzg2, Xzg2, Hd^Edp, Xzg2, Rd, Rd, Xzg2, Xzg2, Hd, Re, Rd, Rd, Xzg2, Xzg2^Qov, Xzg3^Qov, Xzg3^Qov, Xzg3^Qov, Xzg3, Xzg3, Xzg2, Xzg3, Xzg3, Xzg2
Xzg2, Dd, Dd^Edp, Dd^Edp, Xzg2, Xzg2, Xzgg, Xzgg, Xzgg^Qov, Xzg, Xzg^Es, Hd, Hd, Ce, 3 Ke, Ce, Xzg, Xzg^Es, Xzg, Xzg, Xzg, Rd, Rd, Xzg, Xzg, Xzg^Qov, Xzgg, Xzgg^Es, Xzgg^Es, Xzgg^Es, Rd, Xzgg, Xzgg, Re, Xzg2, Xzg2, Rd, Rd, Xzg2, Rd, Re, Re, Re, Re, Rd, Xzg2, Xzg2^Edp, Xzg2^Qov, Xzg2^Qov, Xzg3^Qov, Xzg2^Qov, Xzg3, Xzg3, Xzg2, Xzg3, Xzg2
Dd, Dd, Xzg2, Dd, Xzg2, Xzg2, Xzgg, Xzgg^Es, Xzgg, Xzgg^Qov, Xzg, Hd^Es, Hd, Ce, Ce, Ce, Xzg^Vdt, Xzg, Xzgg^Qov, Xzgg^Qov, Xzgg^Qov, Xzg, Xzg, Re, Re, Re, Rd, Rd, Rd, Xzgg, Rd, Rd, Re, Re, Re, Rd, Hd, Rd, Hd^Vdt, Xzg2, Xzg2, Rd, Xzg2, Xzg2, Xzg2, Rd, Xzg2, Xzg2^Edp, Xzg2, Xzg2^Qov, Xzg2, Xzg3^Qov, Xzg3, Xzg3, Xzg2^Qov, Xzg2^Qov
Dd, Xzg2, Dd, Xzg2, Xzg2, Xzgg, Xzgg^Edp, Xzgg, Xzg^Qov, Xzgg^Qov, Xzg, Hd, Xzg^Vdt, Hd, Xzg, Xzg, Xzg, Xzg, Xzgg^Qov, Xzgg^Edp, Xzg2^Edp, Xzgg^Qov, Xzg, Xzg, Re, Rd, Rd, Hd, Hd, Rd, Rd, Rd, Xzgg, Re, Re, Xzg2, Hd, Hd, Xzg2, Hd^Edp, Xzg2^Edp, Hd^Edp, Hd, Rd, Rd, Rd, Rd, Xzg2, Rd, Xzg2, Xzg2, Xzg2^Qov, Xzg2^Qov, Xzg2^Qov, Xzg2, Xzg2
Xzg2, Dd, Dd^Edp, Dd, Xzg2, Xzgg, Xzgg, Xzg^Qov, Xzg^Qov, Xzg^Qov, Xzgg^Qov, Xzg, Xzg, Hd, Xzg, Xzgg^Qov, Xzgg^Qov, Xzgg^Qov, Xzg2^Qov, Xzg2^Qov, Xzg2^Qov, Xzgg^Qov, Xzgg^Qov, Xzg, Xzgg^Qov, Xzgg, Xzgg, Xzgg, Xzgg, Xzgg, Xzgg, Xzgg, Xzgg^Qov, Rd, Xzg2^Es, Xzg2, Xzg2, Xzg2, Dd^Qov, Xzg2, Xzg2^Edp, Hd^Edp, Xzg2^Edp, Hd, Xzg2, Rd, Hd, Re, Re, Rd, Re, Rd, Xzg2, Xzg2, Xzg2^Es, Xzg2
Dd, Dd, Dd^Edp, Dd, Xzg2, Xzg2^Edp, Xzg2, Xzgg, Xzgg, Xzgg, Xzg2, Xzgg^Qov, Xzgg^Qov, Xzg, Xzgg^Qov, Xzgg^Qov, Xzg2, Xzg2, Xzg2^Qov, Dd^Ii, Dd, Xzg2^Qov, Xzg2^Qov, Xzgg^Qov, Xzg2^Qov, Xzg2^Qov, Xzg2^Qov, Xzgg, Xzg2^Qov, Xzg2^Qov, Xzg2^Qov, Xzgg^Qov, Xzg2, Xzg2, Xzg2, Xzg2, Dd^Qov, Dd^Qov, Dd^Qov, Dd^Qov, Dd^Qov, Xzg2^Edp, Xzg2, Hd, Hd^Edp, Hd, Hd^Edp, Hd, Xzg2, Re, Re, Re, Re, Xzg2, Xzg2^Es, Xzg2
Dd, Dd^Edp, Dd, Dd, Dd, Xzg2, Dd, Xzg2, Xzg2, Xzg2, Xzg2, Xzgg, Xzgg^Qov, Xzg^Qov, Xzgg, Xzgg, Xzg2^Qov, Xzg2^Qov, Dd, Dd^Es, Dd, Dd, Dd, Xzg2^Qov, Dd, Xzg2^Qov, Dd, Xzg2^Qov, Dd, Xzg2^Qov, Dd, Xzg2^Qov, Rd, Xzg2, Xzg2, Xzg2^Qov, Dd^Qov, Dd^Qov, Xzg2^Qov, Dd^Qov, Dd^Qov, Dd^Qov, Xzg2^Qov, Xzg2, Xzg2, Hd^Es, Hd^Edp, Hd^Edp, Xzg2^Edp, Rd, Xzg2, Re, Xzg2, Rd, Xzg2, Xzg2
Dd, Dd, Dd, Xzg2, Dd, Dd, Dd, Dd^Edp, Dd, Dd, Dd, Xzg2^Edp, Xzg2^Edp, Xzgg, Xzg2, Xzg2^Qov, Dd, Dd, Xzg2, Dd, Dd, Dd^Edp, Dd, Dd, Dd, Dd, Dd, Dd, Dd, Dd, Rd, Re, Xzg2, Xzg2, Xzgg^Qov, Xzg2^Qov, Xzg2^Qov, Dd^Qov, Dd^Qov, Dd^Qov, Dd^Qov, Dd^Qov, Dd^Qov, Dd^Qov, Dd^Qov, Xzg2, Hd^Es, Hd^Es, Hd, Xzg2^Edp, Xzg2, Xzg2, Xzg2, Rd, Rd, Xzg2
Xzg2, Xzg2, Dd, Dd, Xzg2, Xzg2, Xzg2, Xzg2, Xzg2, Xzg2, Xzg2, Xzg2, Xzg2, Xzg2, Xzg2, Xzg2^Qov, Xzg2, Dd, Xzg2, Dd, Xzg2, Dd, Xzg2, Dd, Xzg2, Dd, Xzg2, Dd, Dd, Dd, Dd, Dd, Xzg2, Xzg2, Xzg2, Xzgg^Qov, Xzg2, Xzg2^Qov, Xzg2, Dd^Qov, Dd^Qov, Dd^Qov, Dd^Qov, Dd^Qov, Xzg2^Qov, Xzg2, Xzg2, Hd, Xzg2, Xzg2, Xzg2, Xzg2, Xzg2, Rd, Xzg2, Rd
