Mdd, Mdd, Mdd, Mdd, Mdd, Mdd, Mdd, Mdd, Mdd, Mdd, Mdd, Mdd, Mdd, Mdd, Mdd, Mdd, Mdd, Mdd, Mdd, Mdd, Mdd, Mdd, Mdd, Mdd, Mdd, Mdd, Mdd, Mdd, Mdd, Mdd, Mdd, Mdd, Mdd, Dd, Mdd, Mdd
Mdd, Mdd, Mdd, Mdd, Mdd, Mdd, Mdd, Mdd, Mdd, Mdd, Mdd, Mdd, Mdd, Mdd, Mdd, Mdd, Mdd, Mdd, Mdd, Mdd, Mdd, Mdd, Mdd, Mdd, Mdd, Mdd, Mdd, Mdd, Mdd, Mdd, Mdd, Mdd, Mdd, Mdd, Mdd, Mdd
Mdd, Mdd, Mdd, Mdd, Mdd, Mdd, Mdd, Mdd, Mdd, Mdd, Mdd, Mdd, Mdd, Mdd, Mdd, Mdd, Hd, Mdd, Hd, Hd, Hd, Mdd, Hd, Hd, Hd, Mdd, Mdd, Mdd, Mdd, Mdd, Mdd, Mdd, Mdd, Mdd, Mdd, Mdd
Mdd, Mdd, Mdd, Mdd, Mdd, Mdd, Mdd, Mdd, Mdd, Mdd, Mdd, Mdd, Hd, Hd, Hd, Mdd, Dd, Dd, Qxua, Dd, Dd, Hd, Dd, Hd, Hd, Mdd, Hd, Mdd, Mdd, Mdd, Mdd, Mdd, Mdd, Mdd, Mdd, Mdd
Mdd, Mdd, Mdd, Mdd, Mdd, Mdd, Mdd, Mdd, Mdd, Hd, Hd, Hd, Hd, Dd, Dd, Hd, Dd, Qxua, Qxua, Qxua, Dd, Dd, Dd, Dd^Es, Dd, Hd, Hd, Hd, Mdd, Mdd, Mdd, Mdd, Mdd, Mdd, Mdd, Mdd
Mdd, Mdd, Mdd, Mdd, Mdd, Mdd, Mdd, Mdd, Mdd, Hd, Hd, Qxua, Qxua, Dd, Qxua, Dd, Qxua, Dd, Qxua, Qxua, Qxua, Dd, Qxua, Dd, Qxua, Dd, Qxua, Hd, Hd, Hd, Mdd, Mdd, Mdd, Mdd, Mdd, Mdd
Mdd, Mdd, Mdd, Mdd, Mdd, Mdd, Hd, Mdd, Hd, Dd, Dd, Dd, Qxua, Qxua, Qxua, Qxua, Qxua, Qxua, Qxua, Qxua, Qxua, Qxua, Qxua, Qxua, Qxua, Qxua, Dd^Es, Dd^Es, Dd, Hd, Hd, Mdd, Mdd, Mdd, Mdd, Mdd
Mdd, Mdd, Mdd, Mdd, Mdd, Mdd, Mdd, Mdd, Hd, Dd, Qxua, Dd, Dd, Qxua, Qxua, Qxua, Qxua, Qxua, Qxua, Qxua, Qxua, Qxua, Qxua, Qxua, Qxua, Qxua, Dd, Dd^Es, Dd, Hd, Hd, Mdd, Mdd, Mdd, Mdd, Mdd
Mdd, Mdd, Mdd, Mdd, Mdd, Mdd, Mdd, Mdd, Hd, Dd, Qxua, Dd, Qxua, Qxua, Qxua, Qxua, Qxua, Qxua, Qxua, Qxua, Qxua, Qxua, Qxua, Qxua, Qxua, Qxua, Qxua, Dd, Qxua, Qxua, Hd, Mdd, Mdd, Mdd, Mdd, Mdd
Mdd, Mdd, Mdd, Mdd, Mdd, Mdd, Mdd, Hd, Hd, Dd, Dd, Dd, Qxua, Qxua, Qxua, Qxua, Qxua, Qxua, Qxua, Qxua, Qxua, Qxua, Qxua, Qxua, Qxua, Qxua, Qxua, Dd, Qxua, Dd, Qxua, Hd, Hd^Qov, Hd, Mdd, Mdd
Hd, Hd, Mdd^Qov, Mdd^Qov, Hd^Qov, Hd, Hd, Hd, Dd, Qxua, Qxua, Qxua, Qxua, Qxua, Qxua, Qxua, Qxua, Qxua, Qxua, Qxua, Qxua, Qxua, Qxua, Qxua, Qxua, Qxua, Qxua, Dd, Dd, Qxua, Hd, Hd^Qov, Mdd^Qov, Mdd^Qov, Hd, Mdd
Hd, Hd, Hd^Qov, Hd^Qov, Hd^Qov, Dd, Dd^Es, Dd, Dd^Es, Dd, Dd, Dd, Dd, Qxua, Qxua, Qxua, Qxua, Qxua, Qxua, Qxua, Qxua, Qxua, Qxua, Qxua, Qxua, Qxua, Qxua, Qxua, Dd, Dd, XUrb, Hd^Qov, Hd^Qov, Hd^Qov, Hd, Mdd
Dd, Dd, Dd^Qov, Dd^Ruty, Dd^Qov, Dd^Es, Dd, Dd, Qxua, Qxua, Dd, Dd^Es, Dd, Qxua, Qxua, Qxua, Qxua, Qxua, Qxua, Qxua, Qxua, Qxua, Qxua, Qxua, Qxua, Qxua, Qxua, Qxua, Dd, Dd, XUrb, Dd^Qov, Dd^Ruty, Dd^Qov, Hd, Mdd
Dd, Dd^Edp, Dd^Es, Dd^Qov, XUrb, XUrb, XUrb, XUrb, Dd, Qxua, Dd, Dd, Qxua, Qxua, Qxua, Qxua, Qxua, Qxua, Qxua, Qxua, Qxua, Qxua, Qxua, Qxua, Qxua, Qxua, Dd, Qxua, Qxua, XUrb, XUrb, XUrb^Qov, XUrb^Qov, Dd^Qov, Hd, Hd
Hd, Dd, Dd, Dd, XUrb, XUrb, XUrb, Dd, Dd, Dd, Dd^Es, Dd, Qxua, Qxua, Qxua, Qxua, Qxua, Qxua, Qxua, Qxua, Qxua, Qxua, Qxua, Qxua, Qxua, Qxua, Dd, Dd^Es, Qxua, Qxua, Qxua, XUrb, XUrb, Dd^Es, Hd, Hd
Hd, Hd, Dd, XUrb, XUrb, XUrb, XUrb, XUrb, XUrb, Dd^Es, Dd, Qxua, Dd, Dd^Es, Dd, Dd, Qxua, Qxua, Dd, 2 Dd, Dd, Qxua, Qxua, Qxua, Qxua, Dd, Dd, Dd, XUrb, Qxua, XUrb, XUrb, XUrb, XUrb, XUrb, Dd
Hd^Rusy, Dd, Dd^Es, XUrb, XUrb^Qov, XUrb^Qov, XUrb^Qov, XUrb, XUrb, Dd, Dd, Dd, Dd, Dd, Dd, Qxua, Dd, Qxua, Dd, Dd, Dd, Qxua, Dd, Qxua, Qxua, Dd, Dd, XUrb, Qxua, XUrb, XUrb, XUrb, XUrb, XUrb, XUrb, Hd
Dd^Rusy, Hd^Rusy, Dd, XUrb, XUrb^Qov, XUrb^Qov, XUrb^Qov, XUrb, Dd, XUrb, XUrb, Dd, XUrb^Es, Dd, Dd, Dd, XUrb, Dd, Dd, Dd, Dd, Dd, Dd, Qxua, Dd, Dd, XUrb, XUrb, Dd, XUrb, XUrb^Qov, XUrb^Qov, XUrb^Qov, XUrb, XUrb, Hd^Rusy
Dd^Rusy, Dd, Dd, Dd, Dd^Qov, XUrb^Qov, XUrb^Qov, XUrb, XUrb, Dd, XUrb, Dd, XUrb, Dd, XUrb, XUrb, XUrb, XUrb, XUrb, XUrb, XUrb, Dd, XUrb, Dd, Dd^Es, Dd^Es, Dd^Es, XUrb, XUrb, XUrb, XUrb^Qov, XUrb^Qov, Dd^Qov, XUrb, Dd, Dd^Rusy
Dd^Rusy, Dd, Dd^Rusy, Dd, Dd^Qov, Dd^Ruty, XUrb^Qov, XUrb, XUrb, XUrb, XUrb, XUrb, XUrb, XUrb, XUrb, XUrb^Rusy, XUrb, XUrb, XUrb, 3 XUrb, XUrb, XUrb, XUrb, XUrb, XUrb, Dd, XUrb, XUrb, XUrb, XUrb, Dd^Qov, Dd^Ruty, Dd^Qov, Dd^Es, Dd, Hd^Edp
Dd^Rusy, Dd^Rusy, Dd^Rusy, Dd^Edp, Dd^Rusy, XUrb^Qov, Dd, XUrb, XUrb^Qov, XUrb, XUrb, XUrb, XUrb, XUrb, Dd, XUrb, XUrb, XUrb, XUrb, XUrb, XUrb, XUrb, XUrb, XUrb^Rusy, XUrb^Rusy, XUrb, XUrb^Qov, XUrb^Qov, XUrb^Qov, XUrb, Dd, Dd^Qov, Dd^Edp, Dd^Edp, Qxua, Qxua
Dd^Rusy, Dd^Rusy, Dd^Rusy, Dd^Rusy, Dd^Vdr, Dd, Dd^Rusy, Dd^Qov, Dd^Qov, Dd^Qov, XUrb, XUrb, XUrb, Dd, XUrb, XUrb, XUrb, XUrb, XUrb, Dd, Dd, XUrb, XUrb, XUrb, XUrb, XUrb, XUrb^Qov, XUrb^Qov, XUrb^Qov, XUrb, Dd, Dd^Rusy, Dd, Qxua, Dd, Qxua
Dd^Es, Dd, Dd^Rusy, Dd^Rusy, Dd^Rusy, Dd^Rusy, Dd^Rusy, Dd^Qov, Dd^Ruty, Dd^Qov, Dd, XUrb, Dd, Dd, Dd, Dd, Dd, Dd, Dd, XUrb, XUrb, XUrb, Qxua, Dd, Dd^Vdr, Dd, Dd^Qov, Dd^Qov, Dd^Qov, Dd, Dd^Es, Dd^Edp, Dd^Es, Dd^Dc, Dd, Dd
Dd, Dd^Es, Dd, Dd^Dc, Dd, Dd^Rusy, Dd^Rusy, Dd^Qov, Dd^Qov, Dd^Qov, Dd^Rusy, Dd^Rusy, Dd^Rusy, Dd^Rusy, Dd^Rusy, Dd, Dd^Rusy, Dd^Edp, Dd, XUrb, Cdr, Cdr, Kdr, Qxua, Dd^Dc, Dd, Dd^Qov, Dd^Ruty, Dd^Qov, Dd, Dd^Vdr, Dd, Dd^Rusy, Dd^Es, Dd, Hd
Dd, Dd, Dd, Dd, Dd, Dd, Dd^Rusy, Dd, Dd^Rusy, Dd, Dd^Rusy, Dd^Vdr, Dd^Rusy, Dd^Rusy, Dd^Rusy, Dd^Rusy, Dd, Dd^Edp, XUrb, XUrb, XUrb, Cdr, Qxua, Qxua, Dd^Es, Dd^Rusy, Dd, XUrb^Qov, Dd^Rusy, Dd, Dd, Dd, Dd^Rusy, Dd^Es, Dd^Rusy, Dd
Dd, Dd, Dd, Dd^Rusy, Dd^Rusy, Dd^Edp, Dd^Rusy, Dd^Es, Dd^Rusy, Dd, Dd^Rusy, Dd^Rusy, Dd^Rusy, Dd^Rusy, Dd^Rusy, Dd^Rusy, Dd^Dc, Dd, XUrb, XUrb, XUrb, Cdr, Qxua, Qxua, Dd, Dd, Dd, Dd, Dd, Dd^Rusy, Dd^Rusy, Dd^Rusy, Dd^Rusy, Dd^Rusy, Dd, Dd
Dd, Dd, Dd, Dd^Vdr, Dd^Es, Dd, Dd^Rusy, Dd, Dd^Rusy, Dd^Rusy, Dd^Rusy, Dd^Rusy, Dd^Rusy, Dd^Rusy, Dd^Rusy, Dd, Dd, Dd, XUrb, XUrb, XUrb, Qxua, Qxua, Qxua, Dd, Dd^Rusy, Dd^Qov, Dd^Qov, Dd^Qov, Dd, Dd^Rusy, Dd^Rusy, Dd^Rusy, Dd^Rusy, Dd, Hd
Dd^Rusy, Dd^Rusy, Dd^Rusy, Dd^Es, Dd^Rusy, Dd^Rusy, Dd^Rusy, Dd^Rusy, Dd^Rusy, Dd^Rusy, Dd^Rusy, Dd^Rusy, Dd^Es, Dd^Rusy, Dd^Rusy, Dd, Qxua, Qxua, XUrb, XUrb, XUrb, Dd, Dd, Dd, Dd, Dd^Rusy, Dd^Qov, Dd^Qov, Dd^Qov, Dd, Dd, Dd, Dd^Vdr, Dd^Rusy, Dd^Rusy, Hd
Hd^Edp, Dd^Edp, Dd^Rusy, Dd^Rusy, Dd^Rusy, Dd^Rusy, Dd^Rusy, Dd^Rusy, Dd^Rusy, Dd^Rusy, Dd^Rusy, Dd^Rusy, Dd^Edp, Dd^Rusy, Dd^Rusy, Dd^Rusy, Dd, Qxua, Qxua, Dd, Dd, XUrb, XUrb, Dd^Vdr, Dd^Rusy, Dd^Rusy, Dd^Qov, Dd^Ruty, Dd^Qov, Dd^Rusy, Dd^Rusy, Dd, Dd, Dd^Rusy, Dd, Dd^Edp
Hd, Hd, Dd, Dd^Rusy, Dd, Dd^Rusy, Dd, Dd, Dd, Dd^Rusy, Dd^Rusy, Dd^Rusy, Dd^Rusy, Dd^Rusy, Dd^Rusy, Dd, Dd^Rusy, Dd, Dd, Qxua, Dd, XUrb, XUrb, Dd, Dd^Es, Dd^Rusy, Dd^Rusy, Dd^Qov, Dd, Dd^Rusy, Dd^Rusy, Dd^Es, Dd^Edp, Dd, Qxua, Hd
Hd, Hd^Rusy, Dd, Dd, Qxua, Dd, Qxua, Qxua, Dd, Dd^Rusy, Dd^Es, Dd^Rusy, Dd^Es, Dd^Es, Dd^Vdr, Dd^Rusy, Dd^Rusy, XUrb, XUrb, Qxua, XUrb, Dd^Rusy, Dd, Dd^Es, Dd^Edp, Dd, Dd, Dd^Rusy, Dd, Dd^Rusy, Dd, Dd^Edp, Qxua, Dd^Edp, Qxua, Qxua
Hd, Hd, Dd^Rusy, Dd, Dd, Qxua, Qxua, Dd, Dd^Qov, Dd^Qov, Dd^Rusy, Dd^Rusy, Dd^Rusy, Dd^Rusy, Dd^Dc, Dd, Dd, Dd, XUrb, XUrb, XUrb, Dd, Dd, Dd, Dd^Dc, Dd^Edp, Dd^Qov, Dd^Qov, Dd^Qov, Dd, Dd^Edp, Dd^Edp, Qxua, Qxua, Qxua, Qxua
Dd, Dd, Dd, Dd^Es, Dd^Rusy, Dd^Es, Dd, Dd^Qov, Dd^Qov, Dd^Qov, Dd, Dd^Rusy, Dd^Rusy, Dd^Edp, Dd, Dd^Rusy, Dd^Rusy, Dd, XUrb, XUrb, XUrb, XUrb, Qxua, Dd, Dd^Edp, Dd, Dd^Qov, Dd^Qov, Dd^Qov, Dd^Edp, Dd^Edp, Dd^Edp, Dd^Dc, Qxua, Qxua, Qxua
Dd, Dd, Dd, Dd, Dd, Dd^Edp, Dd, Dd^Qov, Dd^Qov, Dd^Qov, Dd^Edp, Dd, Dd^Rusy, Dd, Dd^Rusy, Dd^Rusy, XUrb, XUrb, XUrb, Qxua, XUrb, Qxua, Qxua, Qxua, Dd^Edp, Dd^Edp, Dd^Qov, Dd^Qov, Dd^Qov, Dd, Dd^Edp, Dd^Edp, Dd^Edp, Dd^Edp, Dd^Edp, Dd^Edp
Dd, Dd, Dd^Rusy, Dd^Rusy, Dd, Dd^Dc, Dd, Dd^Qov, Dd^Ruty, Dd^Qov, Dd, Dd, Dd, Dd^Rusy, Dd, Dd^Rusy, XUrb, XUrb, XUrb, XUrb, Qxua, Dd, Qxua, Dd^Edp, Dd, Dd^Rusy, Dd^Qov, Dd^Ruty, Dd^Qov, Dd, Dd^Rusy, Dd^Edp, Dd^Edp, Dd^Edp, Dd, Dd^Edp
Dd^Es, Dd, Dd^Rusy, Dd^Rusy, Dd^Vdr, Dd, Dd^Rusy, Dd^Qov, Dd^Qov, Dd^Qov, Dd, Dd^Rusy, Dd^Rusy, Dd, Dd^Dc, Dd, XUrb, XUrb, XUrb, XUrb, Qxua, Qxua, Dd, Dd, Dd^Rusy, Dd^Rusy, Dd^Rusy, Dd^Qov, Dd, Dd^Rusy, Dd, Dd, Dd, Dd, Dd, Dd
Hd^Rusy, Hd^Es, Dd, Dd^Rusy, Dd^Rusy, Dd, Dd, Dd^Rusy, Dd^Rusy, Dd^Rusy, Dd, Dd, Dd, Dd, Dd, Dd, Dd^Edp, XUrb, Dd^Rusy, XUrb, Dd, Qxua, Dd^Es, Dd^Rusy, Dd^Rusy, Dd, Dd^Edp, Dd, Qxua, Dd^Edp, Qxua, Dd, Dd, Dd, Qxua, Dd^Fts
Hd, Hd^Rusy, Dd, Dd^Rusy, Dd^Rusy, Dd, Dd^Rusy, Dd, Dd^Qov, Dd^Qov, Dd^Rusy, Dd^Es, Dd^Rusy, Dd^Rusy, Dd^Edp, Dd^Edp, Dd, XUrb, XUrb, Dd^Rusy, Dd^Rusy, Dd, Dd, Dd^Rusy, Dd, Dd^Edp, Dd^Edp, Qxua, Qxua, Qxua, Dd, Dd, Dd, Qxua, Qxua, Dd^Rusy
Hd, Dd, Dd, Dd^Rusy, Dd^Rusy, Dd^Rusy, Dd, Dd^Qov, Dd^Qov, Dd^Qov, Dd^Edp, Dd, Dd, Dd, Qxua, Qxua, XUrb, XUrb, XUrb, Dd^Rusy, Dd, Dd^Rusy, Dd^Rusy, Dd^Rusy, Dd, Dd^Rusy, Dd^Rusy, Dd^Edp, Dd^Edp, Dd^Edp, Dd^Rusy, Dd, Dd^Rusy, Dd, Dd, Qxua
Dd^Rusy, Dd^Rusy, Dd^Edp, Dd^Edp, Dd, Dd^Edp, Dd^Es, Dd^Qov, Dd^Qov, Dd^Qov, Dd^Edp, Dd^Edp, Qxua, Dd, Qxua, XUrb, XUrb, XUrb, XUrb, Dd^Es, Dd^Vdr, Dd, Dd, Dd^Rusy, Dd^Rusy, Dd^Rusy, Dd^Rusy, Dd^Rusy, Dd^Rusy, Dd, Dd^Rusy, Dd, Dd^Rusy, Dd^Vdr, Dd, Dd
Dd, Qxua, Qxua, Qxua, Qxua, Dd^Edp, Dd, Dd^Qov, Dd^Ruty, Dd^Qov, Dd, Dd^Edp, Dd^Edp, Qxua, Qxua, XUrb, XUrb, XUrb, XUrb, Dd, Dd, Dd^Rusy, Dd^Rusy, Dd, Dd^Rusy, Dd^Rusy, Dd^Rusy, Dd^Rusy, Dd^Rusy, Dd^Rusy, Dd^Rusy, Dd^Rusy, Dd^Rusy, Dd^Rusy, Dd, Dd^Fts
Qxua, Qxua, Qxua, Qxua, Dd^Edp, Dd, Dd, Dd^Qov, Dd^Qov, Dd^Qov, Dd, Dd, Dd, Dd, Dd^Edp, Dd, XUrb, XUrb, Dd^Rusy, XUrb, XUrb, Dd, Dd^Edp, Dd^Rusy, Dd^Rusy, Dd^Rusy, Dd^Rusy, Dd^Rusy, Dd, Dd^Edp, Dd^Rusy, Dd^Rusy, Dd^Rusy, Dd, Dd, Dd^Rusy
Dd, Qxua, Dd, Qxua, Dd^Edp, Dd, Dd, Dd^Rusy, Dd, Dd^Rusy, Dd^Rusy, Dd^Rusy, Dd, Dd, Dd, Dd, Dd^Rusy, Dd^Rusy, Dd^Rusy, Dd^Rusy, Dd^Rusy, XUrb, Dd, Dd^Edp, Dd, Dd^Rusy, Dd^Rusy, Dd^Rusy, Dd^Rusy, Dd^Rusy, Dd, Dd, Dd^Edp, Dd, Dd, Dd^Fts
Dd, Qxua, Dd^Edp, Dd^Edp, Dd^Edp, Dd, Dd^Vdr, Dd^Rusy, Dd, Dd, Dd^Es, Dd, Dd^Rusy, Dd, Dd^Rusy, Dd, Dd^Rusy, Dd^Rusy, Dd^Rusy, Dd^Rusy, Dd^Rusy, XUrb, Dd^Es, Dd, Dd^Rusy, Dd, Dd, Dd, Dd, Dd^Rusy, Dd, Dd, Dd^Rusy, Dd^Rusy, Dd, Dd^Fts
Dd^Edp, Dd, Dd, Dd^Edp, Dd^Edp, Dd^Edp, Dd^Es, Dd, Dd^Rusy, Dd^Rusy, Dd, Dd^Es, Dd, Dd^Rusy, Dd^Rusy, Dd^Rusy, Dd^Rusy, Dd^Rusy, Dd^Rusy, Dd^Rusy, Dd^Rusy, XUrb, Dd^Es, Dd^Es, Dd, Dd^Rusy, Dd, Dd^Dc, Dd, Dd^Rusy, Dd^Rusy, Dd^Rusy, Dd^Rusy, Dd, Dd^Edp, Dd^Edp
Dd^Edp, Dd, Dd^Edp, Dd^Edp, Dd^Edp, Dd^Edp, Dd^Dc, Dd, Dd, Dd^Edp, Dd^Edp, Dd, Dd, Dd, XUrb, XUrb, XUrb, Dd^Rusy, Dd^Rusy, Dd^Rusy, XUrb, XUrb, XUrb, Dd, XUrb, Dd, Dd, Dd^Es, Dd^Rusy, Dd, Dd^Vdr, Dd, Dd^Edp, Dd^Edp, Dd^Edp, Dd^Edp
Dd^Edp, Dd, Dd^Edp, Dd^Edp, Dd^Edp, Dd, Dd^Es, Dd, Dd^Rusy, Dd^Edp, Dd^Edp, Dd, XUrb, XUrb, XUrb, XUrb, XUrb, XUrb, XUrb, XUrb, XUrb, XUrb, XUrb, XUrb, XUrb, XUrb, XUrb, Dd^Es, Dd^Es, Dd, Dd^Rusy, Dd^Edp, Dd^Es, Dd^Edp, Dd^Rusy, Dd
Dd^Edp, Dd, Dd^Edp, Dd^Edp, Dd^Edp, Dd^Edp, Dd, Dd^Rusy, Dd^Edp, Dd, Dd, Dd, XUrb, XUrb, Dd, XUrb, Dd, Dd, Dd, Dd, XUrb, Qxua, Qxua, XUrb, XUrb, XUrb, XUrb, Dd, Dd^Edp, Dd^Rusy, Dd, Dd^Rusy, Dd, Dd^Rusy, Dd^Rusy, Dd
Dd, Dd, Dd^Edp, Dd, Dd^Edp, Dd^Edp, Dd^Edp, Dd, Dd^Rusy, Dd^Edp, Dd, XUrb, XUrb, XUrb, Dd, Dd, Dd^Rusy, Dd^Rusy, Dd^Rusy, Dd, Dd, Dd^Es, Qxua, Qxua, Dd, Dd, XUrb, XUrb, Dd, Dd^Edp, Dd^Edp, Dd^Rusy, Dd^Es, Dd, Dd^Es, Dd
XUrb, XUrb, Dd, Dd, Dd^Es, Dd, Dd, Dd^Rusy, Dd^Rusy, Dd, Dd^Rusy, XUrb, XUrb, Dd, Dd, Dd^Rusy, Dd^Edp, Dd, Cdr, Dd^Rusy, Cdr, Dd^Edp, Dd, Dd, Dd^Rusy, Dd^Rusy, Dd, XUrb, XUrb, Dd, Dd, Dd, Dd, Dd^Es, Dd, Dd
XUrb, XUrb, XUrb, Dd, XUrb, Dd, XUrb, Dd, XUrb, XUrb^Rusy, XUrb, XUrb, Dd, Dd, Dd^Rusy, Dd^Rusy, Dd^Rusy, Kd, Cdr, Dd, Cdr, Kd, Dd, Dd, Dd^Rusy, Dd, Dd^Es, XUrb, XUrb, XUrb, XUrb, Dd, XUrb, XUrb, XUrb, Dd
Dd, XUrb, Dd, XUrb, XUrb, XUrb, Dd, XUrb, XUrb, XUrb, XUrb, Dd, Dd^Rusy, Dd^Rusy, Dd^Rusy, Dd^Rusy, Dd^Rusy, Cdr, Cdr, Cdr, Cdr, Cdr, Dd, Dd^Rusy, Dd, Dd^Rusy, XUrb, XUrb, XUrb, XUrb, XUrb, XUrb, XUrb, XUrb, Dd, XUrb
Dd^Es, Dd, Dd, XUrb, Dd, Dd, Dd, XUrb, Dd, XUrb, XUrb, XUrb, XUrb^Rusy, Dd, Dd^Rusy, Dd^Rusy, Dd^Rusy, Dd^Edp, Dd^Rusy, Dd^Rusy, Dd^Rusy, Dd^Edp, Dd^Rusy, Dd^Rusy, Dd^Rusy, Dd^Rusy, XUrb, XUrb, Dd^Rusy, Dd^Rusy, Dd, Dd, Dd, Dd, Qxua, Qxua
Dd^Rusy, Dd, Dd, Dd, Qxua, Dd, Dd^Es, Dd, Dd^Es, XUrb, XUrb, XUrb^Rusy, Dd, Dd^Es, Dd, Dd^Rusy, Dd^Rusy, Dd^Rusy, Dd, Dd^Rusy, Dd, Dd^Rusy, Dd^Rusy, Dd^Rusy, Dd^Es, Dd, XUrb, XUrb^Rusy, Dd^Rusy, Dd^Rusy, Dd, Dd^Rusy, Dd, Qxua, Qxua, Qxua
Dd^Rusy, Dd^Rusy, Dd^Rusy, Qxua, Qxua, Qxua, Dd^Es, Dd, Qxua, Dd, Dd, XUrb, XUrb, Dd, Dd, Dd, Dd^Rusy, Dd, Dd^Es, Dd, Dd, Dd^Es, Dd, Dd, XUrb, Dd, XUrb, XUrb, Dd, Dd^Rusy, Dd^Es, Dd^Es, Dd^Rusy, Dd^Es, Dd, Qxua
Dd^Edp, Dd^Rusy, Dd^Rusy, Dd, Dd^Edp, Dd, Dd^Es, Qxua, Dd, Qxua, Dd, XUrb, XUrb, XUrb, XUrb, Dd, XUrb, Dd, XUrb, XUrb, XUrb, XUrb, XUrb, XUrb, XUrb, XUrb, Dd, Dd, Dd^Rusy, Dd^Rusy, Dd^Rusy, Dd^Rusy, Dd, Dd^Edp, Dd, Dd
Dd^Edp, Dd^Rusy, Dd, Dd^Edp, Dd, Dd^Rusy, Dd^Rusy, Dd^Edp, Dd^Vdr, Dd, Qxua, Dd, Dd, XUrb, Dd, XUrb, Dd, XUrb, 1 XUrb, XUrb, XUrb, XUrb, Dd, XUrb, XUrb, Dd, Dd, Dd, Dd^Rusy, Dd^Edp, Dd^Es, Dd, Dd^Rusy, Dd^Rusy, Dd^Edp, Dd^Edp
Dd, Dd^Edp, Dd^Edp, Dd^Edp, Dd^Rusy, Dd^Rusy, Dd^Rusy, Dd^Rusy, Dd^Es, Dd^Edp, Dd, Qxua, Dd, Dd, Dd, Dd^Edp, XUrb, XUrb, XUrb, XUrb, XUrb, XUrb, XUrb, XUrb, Dd, Dd, Dd^Edp, Dd^Vdr, Dd^Edp, Dd^Edp, Dd^Rusy, Dd^Es, Dd^Edp, Dd^Edp, Dd^Edp, Dd^Edp
Dd, Dd, Dd, Dd^Rusy, Dd^Rusy, Dd, Dd, Dd^Rusy, Dd^Edp, Dd^Edp, Dd^Es, Dd, Dd^Edp, Dd^Edp, Dd, XUrb, Dd^Edp, XUrb, XUrb, XUrb, Dd^Edp, Dd^Edp, XUrb, Dd, Dd, Dd, Dd^Edp, Dd^Edp, Dd^Edp, Dd^Edp, Dd^Edp, Dd^Es, Dd^Edp, Dd^Edp, Dd, Dd^Edp
Dd^Rusy, Dd, Dd, Dd^Edp, Dd^Edp, Dd^Edp, Dd^Es, Dd^Rusy, Dd^Es, Dd^Es, Dd^Edp, Dd, Dd^Edp, Dd^Edp, Dd, XUrb, Dd, XUrb, XUrb, XUrb, XUrb, Dd^Edp, Dd, XUrb, Dd, Dd^Edp, Dd^Edp, Dd^Edp, Dd, Dd^Edp, Dd^Edp, Dd^Edp, Dd^Edp, Dd^Edp, Dd^Rusy, Dd^Edp
